// Jest Snapshot v1, https://goo.gl/fbAQLP

exports[`renders as expected 1`] = `
<form
  className="sc-AykKF fGgBWA"
  onSubmit={[Function]}
>
  <div>
    <label
      htmlFor="title"
    >
      Title: 
    </label>
    <input
      className="sc-AykKG hTwmRJ"
      id="title"
      name="title"
      onChange={[Function]}
      required={true}
      value=""
    />
  </div>
  <div>
    <label
      htmlFor="folder_id"
    >
      Folder: 
    </label>
    <select
      className="sc-AykKD cMrhNb"
      name="folder_id"
      onChange={[Function]}
      value={0}
    >
      <option
        value={0}
      >
        test folder
      </option>
    </select>
  </div>
  <textarea
    className="sc-AykKH giSvea"
    name="content"
    onChange={[Function]}
    placeholder="start typing..."
    required={true}
    value=""
  />
  <button
    className="sc-AykKC idWUwc"
    type="submit"
  >
    Submit
  </button>
</form>
`;
