// Jest Snapshot v1, https://goo.gl/fbAQLP

exports[`renders as expected 1`] = `
<section
  className="sc-AykKG iXeyVM"
>
  <button
    className="sc-AykKC idWUwc"
    onClick={[Function]}
  >
    Add Note
  </button>
  <a
    className="sc-AykKH bbSDMC"
    href="/note/0"
    onClick={[Function]}
  >
    <div
      className="sc-AykKE dMUvDE"
    >
      <h2>
        test note
      </h2>
      <p>
        Last modified on
         
        Invalid date
        <button
          className="sc-AykKC dvCqVy"
          onClick={[Function]}
        >
          Edit
        </button>
        <button
          className="sc-AykKC sc-AykKD gVWOnP"
          onClick={[Function]}
        >
          Delete
        </button>
      </p>
    </div>
  </a>
</section>
`;
